[chat] wrapper v2 active  model=Qwen/Qwen3-4B  enable_thinking=True  ports=(prefill=8121, decode=8221, nixl=5580; offset=21 from JOB_ID=8687121)
[chat] wrapper v2 active  model=Qwen/Qwen3-4B  enable_thinking=True  ports=(prefill=8121, decode=8221, nixl=5580; offset=21 from JOB_ID=8687121)
(APIServer pid=2653906) INFO 04-24 17:30:53 [utils.py:297] 
(APIServer pid=2653906) INFO 04-24 17:30:53 [utils.py:297]        █     █     █▄   ▄█
(APIServer pid=2653906) INFO 04-24 17:30:53 [utils.py:297]  ▄▄ ▄█ █     █     █ ▀▄▀ █  version 0.18.0
(APIServer pid=2653906) INFO 04-24 17:30:53 [utils.py:297]   █▄█▀ █     █     █     █  model   Qwen/Qwen3-4B
(APIServer pid=2653906) INFO 04-24 17:30:53 [utils.py:297]    ▀▀  ▀▀▀▀▀ ▀▀▀▀▀ ▀     ▀
(APIServer pid=2653906) INFO 04-24 17:30:53 [utils.py:297] 
(APIServer pid=2653906) INFO 04-24 17:30:53 [utils.py:233] non-default args: {'model_tag': 'Qwen/Qwen3-4B', 'host': '0.0.0.0', 'port': 8221, 'model': 'Qwen/Qwen3-4B', 'dtype': 'float16', 'max_model_len': 32768, 'enforce_eager': True, 'block_size': 128, 'gpu_memory_utilization': 0.85, 'kv_cache_dtype': 'fp8_e5m2', 'kv_transfer_config': KVTransferConfig(kv_connector='NixlConnector', engine_id='643c5bcb-e9e4-48ad-90a9-4c4632cae1fc', kv_buffer_device='cuda', kv_buffer_size=1000000000.0, kv_role='kv_consumer', kv_rank=None, kv_parallel_size=1, kv_ip='127.0.0.1', kv_port=14579, kv_connector_extra_config={}, kv_connector_module_path=None, enable_permute_local_kv=False, kv_load_failure_policy='fail')}
(APIServer pid=2653906) Could not cache non-existence of file. Will ignore error and continue. Error: [Errno 13] Permission denied: '/scratch/zf28/comp529/cache/hub/models--Qwen--Qwen3-4B/.no_exist/1cfa9a7208912126459214e8b04321603b3df60c/preprocessor_config.json'
(APIServer pid=2653906) INFO 04-24 17:30:54 [model.py:533] Resolved architecture: Qwen3ForCausalLM
(APIServer pid=2653906) WARNING 04-24 17:30:54 [model.py:1920] Casting torch.bfloat16 to torch.float16.
(APIServer pid=2653906) INFO 04-24 17:30:54 [model.py:1582] Using max model len 32768
(APIServer pid=2653906) INFO 04-24 17:30:54 [cache.py:212] Using fp8 data type to store kv cache. It reduces the GPU memory footprint and boosts the performance. Meanwhile, it may cause accuracy drop without a proper scaling factor.
(APIServer pid=2653906) INFO 04-24 17:30:54 [scheduler.py:231] Chunked prefill is enabled with max_num_batched_tokens=2048.
(APIServer pid=2653906) INFO 04-24 17:30:54 [vllm.py:754] Asynchronous scheduling is enabled.
(APIServer pid=2653906) WARNING 04-24 17:30:54 [vllm.py:788] Enforce eager set, disabling torch.compile and CUDAGraphs. This is equivalent to setting -cc.mode=none -cc.cudagraph_mode=none
(APIServer pid=2653906) WARNING 04-24 17:30:54 [vllm.py:799] Inductor compilation was disabled by user settings, optimizations settings that are only active during inductor compilation will be ignored.
(APIServer pid=2653906) INFO 04-24 17:30:54 [vllm.py:964] Cudagraph is disabled under eager mode
(APIServer pid=2653906) WARNING 04-24 17:30:54 [vllm.py:1168] Turning off hybrid kv cache manager because `--kv-transfer-config` is set. This will reduce the performance of vLLM on LLMs with sliding window attention or Mamba attention. If you are a developer of kv connector, please consider supporting hybrid kv cache manager for your connector by making sure your connector is a subclass of `SupportsHMA` defined in kv_connector/v1/base.py and use --no-disable-hybrid-kv-cache-manager to start vLLM.
(APIServer pid=2653906) INFO 04-24 17:30:54 [compilation.py:289] Enabled custom fusions: norm_quant, act_quant
(APIServer pid=3407409) INFO 04-24 17:31:01 [utils.py:297] 
(APIServer pid=3407409) INFO 04-24 17:31:01 [utils.py:297]        █     █     █▄   ▄█
(APIServer pid=3407409) INFO 04-24 17:31:01 [utils.py:297]  ▄▄ ▄█ █     █     █ ▀▄▀ █  version 0.18.0
(APIServer pid=3407409) INFO 04-24 17:31:01 [utils.py:297]   █▄█▀ █     █     █     █  model   Qwen/Qwen3-4B
(APIServer pid=3407409) INFO 04-24 17:31:01 [utils.py:297]    ▀▀  ▀▀▀▀▀ ▀▀▀▀▀ ▀     ▀
(APIServer pid=3407409) INFO 04-24 17:31:01 [utils.py:297] 
(APIServer pid=3407409) INFO 04-24 17:31:02 [utils.py:233] non-default args: {'model_tag': 'Qwen/Qwen3-4B', 'host': '0.0.0.0', 'port': 8121, 'model': 'Qwen/Qwen3-4B', 'dtype': 'float16', 'max_model_len': 32768, 'enforce_eager': True, 'block_size': 128, 'gpu_memory_utilization': 0.85, 'kv_cache_dtype': 'fp8_e5m2', 'kv_transfer_config': KVTransferConfig(kv_connector='NixlConnector', engine_id='720a5371-b7ca-48ee-8f86-d85ad14c5e1a', kv_buffer_device='cuda', kv_buffer_size=1000000000.0, kv_role='kv_producer', kv_rank=None, kv_parallel_size=1, kv_ip='127.0.0.1', kv_port=14579, kv_connector_extra_config={}, kv_connector_module_path=None, enable_permute_local_kv=False, kv_load_failure_policy='fail')}
(APIServer pid=3407409) Could not cache non-existence of file. Will ignore error and continue. Error: [Errno 13] Permission denied: '/scratch/zf28/comp529/cache/hub/models--Qwen--Qwen3-4B/.no_exist/1cfa9a7208912126459214e8b04321603b3df60c/preprocessor_config.json'
(APIServer pid=3407409) INFO 04-24 17:31:02 [model.py:533] Resolved architecture: Qwen3ForCausalLM
(APIServer pid=3407409) WARNING 04-24 17:31:02 [model.py:1920] Casting torch.bfloat16 to torch.float16.
(APIServer pid=3407409) INFO 04-24 17:31:02 [model.py:1582] Using max model len 32768
(APIServer pid=3407409) INFO 04-24 17:31:02 [cache.py:212] Using fp8 data type to store kv cache. It reduces the GPU memory footprint and boosts the performance. Meanwhile, it may cause accuracy drop without a proper scaling factor.
(APIServer pid=3407409) INFO 04-24 17:31:02 [scheduler.py:231] Chunked prefill is enabled with max_num_batched_tokens=2048.
(APIServer pid=3407409) INFO 04-24 17:31:02 [vllm.py:754] Asynchronous scheduling is enabled.
(APIServer pid=3407409) WARNING 04-24 17:31:02 [vllm.py:788] Enforce eager set, disabling torch.compile and CUDAGraphs. This is equivalent to setting -cc.mode=none -cc.cudagraph_mode=none
(APIServer pid=3407409) WARNING 04-24 17:31:02 [vllm.py:799] Inductor compilation was disabled by user settings, optimizations settings that are only active during inductor compilation will be ignored.
(APIServer pid=3407409) INFO 04-24 17:31:02 [vllm.py:964] Cudagraph is disabled under eager mode
(APIServer pid=3407409) WARNING 04-24 17:31:02 [vllm.py:1168] Turning off hybrid kv cache manager because `--kv-transfer-config` is set. This will reduce the performance of vLLM on LLMs with sliding window attention or Mamba attention. If you are a developer of kv connector, please consider supporting hybrid kv cache manager for your connector by making sure your connector is a subclass of `SupportsHMA` defined in kv_connector/v1/base.py and use --no-disable-hybrid-kv-cache-manager to start vLLM.
(APIServer pid=3407409) INFO 04-24 17:31:02 [compilation.py:289] Enabled custom fusions: norm_quant, act_quant
(EngineCore pid=2655114) INFO 04-24 17:32:18 [core.py:103] Initializing a V1 LLM engine (v0.18.0) with config: model='Qwen/Qwen3-4B', speculative_config=None, tokenizer='Qwen/Qwen3-4B', skip_tokenizer_init=False, tokenizer_mode=auto, revision=None, tokenizer_revision=None, trust_remote_code=False, dtype=torch.float16, max_seq_len=32768, download_dir=None, load_format=auto, tensor_parallel_size=1, pipeline_parallel_size=1, data_parallel_size=1, decode_context_parallel_size=1, dcp_comm_backend=ag_rs, disable_custom_all_reduce=False, quantization=None, enforce_eager=True, enable_return_routed_experts=False, kv_cache_dtype=fp8_e5m2, device_config=cuda, structured_outputs_config=StructuredOutputsConfig(backend='auto', disable_any_whitespace=False, disable_additional_properties=False, reasoning_parser='', reasoning_parser_plugin='', enable_in_reasoning=False), observability_config=ObservabilityConfig(show_hidden_metrics_for_version=None, otlp_traces_endpoint=None, collect_detailed_traces=None, kv_cache_metrics=False, kv_cache_metrics_sample=0.01, cudagraph_metrics=False, enable_layerwise_nvtx_tracing=False, enable_mfu_metrics=False, enable_mm_processor_stats=False, enable_logging_iteration_details=False), seed=0, served_model_name=Qwen/Qwen3-4B, enable_prefix_caching=True, enable_chunked_prefill=True, pooler_config=None, compilation_config={'mode': <CompilationMode.NONE: 0>, 'debug_dump_path': None, 'cache_dir': '', 'compile_cache_save_format': 'binary', 'backend': 'inductor', 'custom_ops': ['all'], 'splitting_ops': [], 'compile_mm_encoder': False, 'compile_sizes': [], 'compile_ranges_endpoints': [2048], 'inductor_compile_config': {'enable_auto_functionalized_v2': False, 'combo_kernels': True, 'benchmark_combo_kernel': True}, 'inductor_passes': {}, 'cudagraph_mode': <CUDAGraphMode.NONE: 0>, 'cudagraph_num_of_warmups': 0, 'cudagraph_capture_sizes': [], 'cudagraph_copy_inputs': False, 'cudagraph_specialize_lora': True, 'use_inductor_graph_partition': False, 'pass_config': {'fuse_norm_quant': True, 'fuse_act_quant': True, 'fuse_attn_quant': False, 'enable_sp': False, 'fuse_gemm_comms': False, 'fuse_allreduce_rms': False}, 'max_cudagraph_capture_size': 0, 'dynamic_shapes_config': {'type': <DynamicShapesType.BACKED: 'backed'>, 'evaluate_guards': False, 'assume_32_bit_indexing': False}, 'local_cache_dir': None, 'fast_moe_cold_start': True, 'static_all_moe_layers': []}
(EngineCore pid=3408007) INFO 04-24 17:32:20 [core.py:103] Initializing a V1 LLM engine (v0.18.0) with config: model='Qwen/Qwen3-4B', speculative_config=None, tokenizer='Qwen/Qwen3-4B', skip_tokenizer_init=False, tokenizer_mode=auto, revision=None, tokenizer_revision=None, trust_remote_code=False, dtype=torch.float16, max_seq_len=32768, download_dir=None, load_format=auto, tensor_parallel_size=1, pipeline_parallel_size=1, data_parallel_size=1, decode_context_parallel_size=1, dcp_comm_backend=ag_rs, disable_custom_all_reduce=False, quantization=None, enforce_eager=True, enable_return_routed_experts=False, kv_cache_dtype=fp8_e5m2, device_config=cuda, structured_outputs_config=StructuredOutputsConfig(backend='auto', disable_any_whitespace=False, disable_additional_properties=False, reasoning_parser='', reasoning_parser_plugin='', enable_in_reasoning=False), observability_config=ObservabilityConfig(show_hidden_metrics_for_version=None, otlp_traces_endpoint=None, collect_detailed_traces=None, kv_cache_metrics=False, kv_cache_metrics_sample=0.01, cudagraph_metrics=False, enable_layerwise_nvtx_tracing=False, enable_mfu_metrics=False, enable_mm_processor_stats=False, enable_logging_iteration_details=False), seed=0, served_model_name=Qwen/Qwen3-4B, enable_prefix_caching=True, enable_chunked_prefill=True, pooler_config=None, compilation_config={'mode': <CompilationMode.NONE: 0>, 'debug_dump_path': None, 'cache_dir': '', 'compile_cache_save_format': 'binary', 'backend': 'inductor', 'custom_ops': ['all'], 'splitting_ops': [], 'compile_mm_encoder': False, 'compile_sizes': [], 'compile_ranges_endpoints': [2048], 'inductor_compile_config': {'enable_auto_functionalized_v2': False, 'combo_kernels': True, 'benchmark_combo_kernel': True}, 'inductor_passes': {}, 'cudagraph_mode': <CUDAGraphMode.NONE: 0>, 'cudagraph_num_of_warmups': 0, 'cudagraph_capture_sizes': [], 'cudagraph_copy_inputs': False, 'cudagraph_specialize_lora': True, 'use_inductor_graph_partition': False, 'pass_config': {'fuse_norm_quant': True, 'fuse_act_quant': True, 'fuse_attn_quant': False, 'enable_sp': False, 'fuse_gemm_comms': False, 'fuse_allreduce_rms': False}, 'max_cudagraph_capture_size': 0, 'dynamic_shapes_config': {'type': <DynamicShapesType.BACKED: 'backed'>, 'evaluate_guards': False, 'assume_32_bit_indexing': False}, 'local_cache_dir': None, 'fast_moe_cold_start': True, 'static_all_moe_layers': []}
(EngineCore pid=2655114) INFO 04-24 17:32:20 [parallel_state.py:1395] world_size=1 rank=0 local_rank=0 distributed_init_method=tcp://192.168.148.72:53145 backend=nccl
(EngineCore pid=2655114) INFO 04-24 17:32:20 [parallel_state.py:1717] rank 0 in world size 1 is assigned as DP rank 0, PP rank 0, PCP rank 0, TP rank 0, EP rank N/A, EPLB rank N/A
(EngineCore pid=3408007) INFO 04-24 17:32:22 [parallel_state.py:1395] world_size=1 rank=0 local_rank=0 distributed_init_method=tcp://192.168.148.66:49707 backend=nccl
(EngineCore pid=3408007) INFO 04-24 17:32:22 [parallel_state.py:1717] rank 0 in world size 1 is assigned as DP rank 0, PP rank 0, PCP rank 0, TP rank 0, EP rank N/A, EPLB rank N/A
(EngineCore pid=2655114) INFO 04-24 17:32:22 [gpu_model_runner.py:4481] Starting to load model Qwen/Qwen3-4B...
(EngineCore pid=3408007) INFO 04-24 17:32:24 [gpu_model_runner.py:4481] Starting to load model Qwen/Qwen3-4B...
(EngineCore pid=2655114) INFO 04-24 17:32:26 [cuda.py:317] Using FLASHINFER attention backend out of potential backends: ['FLASHINFER', 'TRITON_ATTN'].
(EngineCore pid=2655114) Ignored error while writing commit hash to /scratch/zf28/comp529/cache/hub/models--Qwen--Qwen3-4B/refs/main: [Errno 13] Permission denied: '/scratch/zf28/comp529/cache/hub/models--Qwen--Qwen3-4B/refs/main'.
(EngineCore pid=2655114) Loading safetensors checkpoint shards:   0% Completed | 0/3 [00:00<?, ?it/s]
(EngineCore pid=3408007) INFO 04-24 17:32:28 [cuda.py:317] Using FLASHINFER attention backend out of potential backends: ['FLASHINFER', 'TRITON_ATTN'].
(EngineCore pid=3408007) Ignored error while writing commit hash to /scratch/zf28/comp529/cache/hub/models--Qwen--Qwen3-4B/refs/main: [Errno 13] Permission denied: '/scratch/zf28/comp529/cache/hub/models--Qwen--Qwen3-4B/refs/main'.
(EngineCore pid=3408007) Loading safetensors checkpoint shards:   0% Completed | 0/3 [00:00<?, ?it/s]
(EngineCore pid=2655114) Loading safetensors checkpoint shards:  33% Completed | 1/3 [00:01<00:03,  1.51s/it]
(EngineCore pid=3408007) Loading safetensors checkpoint shards:  33% Completed | 1/3 [00:01<00:02,  1.05s/it]
(EngineCore pid=2655114) Loading safetensors checkpoint shards:  67% Completed | 2/3 [00:03<00:01,  1.59s/it]
(EngineCore pid=2655114) Loading safetensors checkpoint shards: 100% Completed | 3/3 [00:03<00:00,  1.06it/s]
(EngineCore pid=2655114) Loading safetensors checkpoint shards: 100% Completed | 3/3 [00:03<00:00,  1.11s/it]
(EngineCore pid=2655114) 
(EngineCore pid=2655114) INFO 04-24 17:32:30 [default_loader.py:384] Loading weights took 3.33 seconds
(EngineCore pid=3408007) Loading safetensors checkpoint shards:  67% Completed | 2/3 [00:02<00:01,  1.14s/it]
(EngineCore pid=3408007) Loading safetensors checkpoint shards: 100% Completed | 3/3 [00:02<00:00,  1.42it/s]
(EngineCore pid=3408007) Loading safetensors checkpoint shards: 100% Completed | 3/3 [00:02<00:00,  1.23it/s]
(EngineCore pid=3408007) 
(EngineCore pid=3408007) INFO 04-24 17:32:31 [default_loader.py:384] Loading weights took 2.45 seconds
(EngineCore pid=2655114) INFO 04-24 17:32:31 [gpu_model_runner.py:4566] Model loading took 7.56 GiB memory and 7.499374 seconds
(EngineCore pid=3408007) INFO 04-24 17:32:31 [gpu_model_runner.py:4566] Model loading took 7.56 GiB memory and 6.262977 seconds
(EngineCore pid=3408007) INFO 04-24 17:32:33 [gpu_worker.py:456] Available KV cache memory: 29.41 GiB
(EngineCore pid=3408007) INFO 04-24 17:32:33 [kv_cache_utils.py:1316] GPU KV cache size: 428,288 tokens
(EngineCore pid=3408007) INFO 04-24 17:32:33 [kv_cache_utils.py:1321] Maximum concurrency for 32,768 tokens per request: 13.07x
(EngineCore pid=3408007) INFO 04-24 17:32:33 [nixl_connector.py:110] Setting UCX_RCACHE_MAX_UNRELEASED to '1024' to avoid a rare memory leak in UCX when using NIXL.
(EngineCore pid=2655114) INFO 04-24 17:32:33 [gpu_worker.py:456] Available KV cache memory: 29.41 GiB
(EngineCore pid=2655114) INFO 04-24 17:32:33 [kv_cache_utils.py:1316] GPU KV cache size: 428,288 tokens
(EngineCore pid=2655114) INFO 04-24 17:32:33 [kv_cache_utils.py:1321] Maximum concurrency for 32,768 tokens per request: 13.07x
(EngineCore pid=2655114) INFO 04-24 17:32:33 [nixl_connector.py:110] Setting UCX_RCACHE_MAX_UNRELEASED to '1024' to avoid a rare memory leak in UCX when using NIXL.
(EngineCore pid=2655114) INFO 04-24 17:32:34 [nixl_connector.py:123] NIXL is available
(EngineCore pid=2655114) INFO 04-24 17:32:34 [factory.py:64] Creating v1 connector with name: NixlConnector and engine_id: 643c5bcb-e9e4-48ad-90a9-4c4632cae1fc
(EngineCore pid=2655114) WARNING 04-24 17:32:34 [base.py:189] Initializing KVConnectorBase_V1. This API is experimental and subject to change in the future as we iterate the design.
(EngineCore pid=2655114) INFO 04-24 17:32:34 [nixl_connector.py:958] Initializing NIXL wrapper
(EngineCore pid=2655114) INFO 04-24 17:32:34 [nixl_connector.py:959] Initializing NIXL worker 643c5bcb-e9e4-48ad-90a9-4c4632cae1fc
(EngineCore pid=3408007) INFO 04-24 17:32:34 [nixl_connector.py:123] NIXL is available
(EngineCore pid=3408007) INFO 04-24 17:32:34 [factory.py:64] Creating v1 connector with name: NixlConnector and engine_id: 720a5371-b7ca-48ee-8f86-d85ad14c5e1a
(EngineCore pid=3408007) WARNING 04-24 17:32:34 [base.py:189] Initializing KVConnectorBase_V1. This API is experimental and subject to change in the future as we iterate the design.
(EngineCore pid=3408007) INFO 04-24 17:32:34 [nixl_connector.py:958] Initializing NIXL wrapper
(EngineCore pid=3408007) INFO 04-24 17:32:34 [nixl_connector.py:959] Initializing NIXL worker 720a5371-b7ca-48ee-8f86-d85ad14c5e1a
(EngineCore pid=2655114) 2026-04-24 17:32:34 NIXL INFO    _api.py:361 Backend UCX was instantiated
(EngineCore pid=2655114) 2026-04-24 17:32:34 NIXL INFO    _api.py:251 Initialized NIXL agent: 3d026000-bec8-4b8a-8065-5c3f682dcd30
(EngineCore pid=2655114) INFO 04-24 17:32:34 [utils.py:73] `VLLM_KV_CACHE_LAYOUT` environment variable detected. Setting KV cache layout to HND.
(EngineCore pid=2655114) INFO 04-24 17:32:34 [nixl_connector.py:1164] Detected attention backend FLASHINFER
(EngineCore pid=2655114) INFO 04-24 17:32:34 [nixl_connector.py:1165] Detected kv cache layout HND
(EngineCore pid=2655114) INFO 04-24 17:32:34 [nixl_connector.py:1191] User-specified logical block size (128) does not match physical kernel block size (64). Using the latter.
(EngineCore pid=2655114) INFO 04-24 17:32:34 [nixl_connector.py:1528] Registering KV_Caches. use_mla: False, kv_buffer_device: cuda, use_host_buffer: False
(EngineCore pid=3408007) 2026-04-24 17:32:35 NIXL INFO    _api.py:361 Backend UCX was instantiated
(EngineCore pid=3408007) 2026-04-24 17:32:35 NIXL INFO    _api.py:251 Initialized NIXL agent: e341de05-cd6e-4444-a400-b910e223c653
(EngineCore pid=3408007) INFO 04-24 17:32:35 [utils.py:73] `VLLM_KV_CACHE_LAYOUT` environment variable detected. Setting KV cache layout to HND.
(EngineCore pid=3408007) INFO 04-24 17:32:35 [nixl_connector.py:1164] Detected attention backend FLASHINFER
(EngineCore pid=3408007) INFO 04-24 17:32:35 [nixl_connector.py:1165] Detected kv cache layout HND
(EngineCore pid=3408007) INFO 04-24 17:32:35 [nixl_connector.py:1191] User-specified logical block size (128) does not match physical kernel block size (64). Using the latter.
(EngineCore pid=3408007) INFO 04-24 17:32:35 [nixl_connector.py:1528] Registering KV_Caches. use_mla: False, kv_buffer_device: cuda, use_host_buffer: False
(EngineCore pid=2655114) INFO 04-24 17:32:35 [kernel_warmup.py:69] Warming up FlashInfer attention.
(EngineCore pid=3408007) INFO 04-24 17:32:35 [kernel_warmup.py:69] Warming up FlashInfer attention.
(EngineCore pid=2655114) INFO 04-24 17:32:35 [core.py:281] init engine (profile, create kv cache, warmup model) took 4.68 seconds
(EngineCore pid=3408007) INFO 04-24 17:32:36 [core.py:281] init engine (profile, create kv cache, warmup model) took 4.62 seconds
(EngineCore pid=2655114) INFO 04-24 17:32:37 [factory.py:64] Creating v1 connector with name: NixlConnector and engine_id: 643c5bcb-e9e4-48ad-90a9-4c4632cae1fc
(EngineCore pid=2655114) WARNING 04-24 17:32:37 [base.py:189] Initializing KVConnectorBase_V1. This API is experimental and subject to change in the future as we iterate the design.
(EngineCore pid=2655114) INFO 04-24 17:32:37 [nixl_connector.py:576] Initializing NIXL Scheduler 643c5bcb-e9e4-48ad-90a9-4c4632cae1fc
(EngineCore pid=2655114) INFO 04-24 17:32:37 [nixl_connector.py:578] Hybrid Memory Allocator is enabled with NIXL
(EngineCore pid=3408007) INFO 04-24 17:32:37 [factory.py:64] Creating v1 connector with name: NixlConnector and engine_id: 720a5371-b7ca-48ee-8f86-d85ad14c5e1a
(EngineCore pid=3408007) WARNING 04-24 17:32:37 [base.py:189] Initializing KVConnectorBase_V1. This API is experimental and subject to change in the future as we iterate the design.
(EngineCore pid=3408007) INFO 04-24 17:32:37 [nixl_connector.py:576] Initializing NIXL Scheduler 720a5371-b7ca-48ee-8f86-d85ad14c5e1a
(EngineCore pid=3408007) INFO 04-24 17:32:37 [nixl_connector.py:578] Hybrid Memory Allocator is enabled with NIXL
(EngineCore pid=3408007) INFO 04-24 17:32:37 [vllm.py:754] Asynchronous scheduling is enabled.
(EngineCore pid=3408007) WARNING 04-24 17:32:37 [vllm.py:788] Enforce eager set, disabling torch.compile and CUDAGraphs. This is equivalent to setting -cc.mode=none -cc.cudagraph_mode=none
(EngineCore pid=3408007) WARNING 04-24 17:32:37 [vllm.py:799] Inductor compilation was disabled by user settings, optimizations settings that are only active during inductor compilation will be ignored.
(EngineCore pid=3408007) INFO 04-24 17:32:37 [vllm.py:964] Cudagraph is disabled under eager mode
(EngineCore pid=3408007) INFO 04-24 17:32:37 [compilation.py:289] Enabled custom fusions: norm_quant, act_quant
(EngineCore pid=2655114) INFO 04-24 17:32:37 [vllm.py:754] Asynchronous scheduling is enabled.
(EngineCore pid=2655114) WARNING 04-24 17:32:37 [vllm.py:788] Enforce eager set, disabling torch.compile and CUDAGraphs. This is equivalent to setting -cc.mode=none -cc.cudagraph_mode=none
(EngineCore pid=2655114) WARNING 04-24 17:32:37 [vllm.py:799] Inductor compilation was disabled by user settings, optimizations settings that are only active during inductor compilation will be ignored.
(EngineCore pid=2655114) INFO 04-24 17:32:37 [vllm.py:964] Cudagraph is disabled under eager mode
(EngineCore pid=2655114) INFO 04-24 17:32:37 [compilation.py:289] Enabled custom fusions: norm_quant, act_quant
(APIServer pid=3407409) INFO 04-24 17:32:37 [nixl_connector.py:110] Setting UCX_RCACHE_MAX_UNRELEASED to '1024' to avoid a rare memory leak in UCX when using NIXL.
(APIServer pid=2653906) INFO 04-24 17:32:37 [nixl_connector.py:110] Setting UCX_RCACHE_MAX_UNRELEASED to '1024' to avoid a rare memory leak in UCX when using NIXL.
(APIServer pid=3407409) INFO 04-24 17:32:38 [nixl_connector.py:123] NIXL is available
(APIServer pid=3407409) INFO 04-24 17:32:38 [api_server.py:576] Supported tasks: ['generate']
(APIServer pid=2653906) INFO 04-24 17:32:38 [nixl_connector.py:123] NIXL is available
(APIServer pid=2653906) INFO 04-24 17:32:38 [api_server.py:576] Supported tasks: ['generate']
(APIServer pid=3407409) WARNING 04-24 17:32:39 [model.py:1376] Default vLLM sampling parameters have been overridden by the model's `generation_config.json`: `{'temperature': 0.6, 'top_k': 20, 'top_p': 0.95}`. If this is not intended, please relaunch vLLM instance with `--generation-config vllm`.
(APIServer pid=3407409) Could not cache non-existence of file. Will ignore error and continue. Error: [Errno 13] Permission denied: '/scratch/zf28/comp529/cache/hub/models--Qwen--Qwen3-4B/.no_exist/1cfa9a7208912126459214e8b04321603b3df60c/processor_config.json'
(APIServer pid=3407409) Could not cache non-existence of file. Will ignore error and continue. Error: [Errno 13] Permission denied: '/scratch/zf28/comp529/cache/hub/models--Qwen--Qwen3-4B/.no_exist/1cfa9a7208912126459214e8b04321603b3df60c/preprocessor_config.json'
(APIServer pid=2653906) WARNING 04-24 17:32:39 [model.py:1376] Default vLLM sampling parameters have been overridden by the model's `generation_config.json`: `{'temperature': 0.6, 'top_k': 20, 'top_p': 0.95}`. If this is not intended, please relaunch vLLM instance with `--generation-config vllm`.
(APIServer pid=3407409) Could not cache non-existence of file. Will ignore error and continue. Error: [Errno 13] Permission denied: '/scratch/zf28/comp529/cache/hub/models--Qwen--Qwen3-4B/.no_exist/1cfa9a7208912126459214e8b04321603b3df60c/processor_config.json'
(APIServer pid=3407409) Could not cache non-existence of file. Will ignore error and continue. Error: [Errno 13] Permission denied: '/scratch/zf28/comp529/cache/hub/models--Qwen--Qwen3-4B/.no_exist/1cfa9a7208912126459214e8b04321603b3df60c/preprocessor_config.json'
(APIServer pid=3407409) Could not cache non-existence of file. Will ignore error and continue. Error: [Errno 13] Permission denied: '/scratch/zf28/comp529/cache/hub/models--Qwen--Qwen3-4B/.no_exist/1cfa9a7208912126459214e8b04321603b3df60c/video_preprocessor_config.json'
(APIServer pid=2653906) Could not cache non-existence of file. Will ignore error and continue. Error: [Errno 13] Permission denied: '/scratch/zf28/comp529/cache/hub/models--Qwen--Qwen3-4B/.no_exist/1cfa9a7208912126459214e8b04321603b3df60c/processor_config.json'
(APIServer pid=3407409) Could not cache non-existence of file. Will ignore error and continue. Error: [Errno 13] Permission denied: '/scratch/zf28/comp529/cache/hub/models--Qwen--Qwen3-4B/.no_exist/1cfa9a7208912126459214e8b04321603b3df60c/preprocessor_config.json'
(APIServer pid=2653906) Could not cache non-existence of file. Will ignore error and continue. Error: [Errno 13] Permission denied: '/scratch/zf28/comp529/cache/hub/models--Qwen--Qwen3-4B/.no_exist/1cfa9a7208912126459214e8b04321603b3df60c/preprocessor_config.json'
(APIServer pid=2653906) Could not cache non-existence of file. Will ignore error and continue. Error: [Errno 13] Permission denied: '/scratch/zf28/comp529/cache/hub/models--Qwen--Qwen3-4B/.no_exist/1cfa9a7208912126459214e8b04321603b3df60c/processor_config.json'
(APIServer pid=2653906) Could not cache non-existence of file. Will ignore error and continue. Error: [Errno 13] Permission denied: '/scratch/zf28/comp529/cache/hub/models--Qwen--Qwen3-4B/.no_exist/1cfa9a7208912126459214e8b04321603b3df60c/preprocessor_config.json'
(APIServer pid=2653906) Could not cache non-existence of file. Will ignore error and continue. Error: [Errno 13] Permission denied: '/scratch/zf28/comp529/cache/hub/models--Qwen--Qwen3-4B/.no_exist/1cfa9a7208912126459214e8b04321603b3df60c/video_preprocessor_config.json'
(APIServer pid=2653906) Could not cache non-existence of file. Will ignore error and continue. Error: [Errno 13] Permission denied: '/scratch/zf28/comp529/cache/hub/models--Qwen--Qwen3-4B/.no_exist/1cfa9a7208912126459214e8b04321603b3df60c/preprocessor_config.json'
(APIServer pid=3407409) INFO 04-24 17:32:40 [hf.py:320] Detected the chat template content format to be 'string'. You can set `--chat-template-content-format` to override this.
(APIServer pid=3407409) INFO 04-24 17:32:40 [api_server.py:580] Starting vLLM server on http://0.0.0.0:8121
(APIServer pid=3407409) INFO 04-24 17:32:40 [launcher.py:37] Available routes are:
(APIServer pid=3407409) INFO 04-24 17:32:40 [launcher.py:46] Route: /openapi.json, Methods: GET, HEAD
(APIServer pid=3407409) INFO 04-24 17:32:40 [launcher.py:46] Route: /docs, Methods: GET, HEAD
(APIServer pid=3407409) INFO 04-24 17:32:40 [launcher.py:46] Route: /docs/oauth2-redirect, Methods: GET, HEAD
(APIServer pid=3407409) INFO 04-24 17:32:40 [launcher.py:46] Route: /redoc, Methods: GET, HEAD
(APIServer pid=3407409) INFO 04-24 17:32:40 [launcher.py:46] Route: /tokenize, Methods: POST
(APIServer pid=3407409) INFO 04-24 17:32:40 [launcher.py:46] Route: /detokenize, Methods: POST
(APIServer pid=3407409) INFO 04-24 17:32:40 [launcher.py:46] Route: /load, Methods: GET
(APIServer pid=3407409) INFO 04-24 17:32:40 [launcher.py:46] Route: /version, Methods: GET
(APIServer pid=3407409) INFO 04-24 17:32:40 [launcher.py:46] Route: /health, Methods: GET
(APIServer pid=3407409) INFO 04-24 17:32:40 [launcher.py:46] Route: /metrics, Methods: GET
(APIServer pid=3407409) INFO 04-24 17:32:40 [launcher.py:46] Route: /v1/models, Methods: GET
(APIServer pid=3407409) INFO 04-24 17:32:40 [launcher.py:46] Route: /ping, Methods: GET
(APIServer pid=3407409) INFO 04-24 17:32:40 [launcher.py:46] Route: /ping, Methods: POST
(APIServer pid=3407409) INFO 04-24 17:32:40 [launcher.py:46] Route: /invocations, Methods: POST
(APIServer pid=3407409) INFO 04-24 17:32:40 [launcher.py:46] Route: /v1/chat/completions, Methods: POST
(APIServer pid=3407409) INFO 04-24 17:32:40 [launcher.py:46] Route: /v1/responses, Methods: POST
(APIServer pid=3407409) INFO 04-24 17:32:40 [launcher.py:46] Route: /v1/responses/{response_id}, Methods: GET
(APIServer pid=3407409) INFO 04-24 17:32:40 [launcher.py:46] Route: /v1/responses/{response_id}/cancel, Methods: POST
(APIServer pid=3407409) INFO 04-24 17:32:40 [launcher.py:46] Route: /v1/completions, Methods: POST
(APIServer pid=3407409) INFO 04-24 17:32:40 [launcher.py:46] Route: /v1/messages, Methods: POST
(APIServer pid=3407409) INFO 04-24 17:32:40 [launcher.py:46] Route: /v1/messages/count_tokens, Methods: POST
(APIServer pid=3407409) INFO 04-24 17:32:40 [launcher.py:46] Route: /inference/v1/generate, Methods: POST
(APIServer pid=3407409) INFO 04-24 17:32:40 [launcher.py:46] Route: /scale_elastic_ep, Methods: POST
(APIServer pid=3407409) INFO 04-24 17:32:40 [launcher.py:46] Route: /is_scaling_elastic_ep, Methods: POST
(APIServer pid=3407409) INFO 04-24 17:32:40 [launcher.py:46] Route: /v1/chat/completions/render, Methods: POST
(APIServer pid=3407409) INFO 04-24 17:32:40 [launcher.py:46] Route: /v1/completions/render, Methods: POST
(APIServer pid=2653906) INFO 04-24 17:32:40 [hf.py:320] Detected the chat template content format to be 'string'. You can set `--chat-template-content-format` to override this.
(APIServer pid=2653906) INFO 04-24 17:32:41 [api_server.py:580] Starting vLLM server on http://0.0.0.0:8221
(APIServer pid=2653906) INFO 04-24 17:32:41 [launcher.py:37] Available routes are:
(APIServer pid=2653906) INFO 04-24 17:32:41 [launcher.py:46] Route: /openapi.json, Methods: GET, HEAD
(APIServer pid=2653906) INFO 04-24 17:32:41 [launcher.py:46] Route: /docs, Methods: GET, HEAD
(APIServer pid=2653906) INFO 04-24 17:32:41 [launcher.py:46] Route: /docs/oauth2-redirect, Methods: GET, HEAD
(APIServer pid=2653906) INFO 04-24 17:32:41 [launcher.py:46] Route: /redoc, Methods: GET, HEAD
(APIServer pid=2653906) INFO 04-24 17:32:41 [launcher.py:46] Route: /tokenize, Methods: POST
(APIServer pid=2653906) INFO 04-24 17:32:41 [launcher.py:46] Route: /detokenize, Methods: POST
(APIServer pid=2653906) INFO 04-24 17:32:41 [launcher.py:46] Route: /load, Methods: GET
(APIServer pid=2653906) INFO 04-24 17:32:41 [launcher.py:46] Route: /version, Methods: GET
(APIServer pid=2653906) INFO 04-24 17:32:41 [launcher.py:46] Route: /health, Methods: GET
(APIServer pid=2653906) INFO 04-24 17:32:41 [launcher.py:46] Route: /metrics, Methods: GET
(APIServer pid=2653906) INFO 04-24 17:32:41 [launcher.py:46] Route: /v1/models, Methods: GET
(APIServer pid=2653906) INFO 04-24 17:32:41 [launcher.py:46] Route: /ping, Methods: GET
(APIServer pid=2653906) INFO 04-24 17:32:41 [launcher.py:46] Route: /ping, Methods: POST
(APIServer pid=2653906) INFO 04-24 17:32:41 [launcher.py:46] Route: /invocations, Methods: POST
(APIServer pid=2653906) INFO 04-24 17:32:41 [launcher.py:46] Route: /v1/chat/completions, Methods: POST
(APIServer pid=2653906) INFO 04-24 17:32:41 [launcher.py:46] Route: /v1/responses, Methods: POST
(APIServer pid=2653906) INFO 04-24 17:32:41 [launcher.py:46] Route: /v1/responses/{response_id}, Methods: GET
(APIServer pid=2653906) INFO 04-24 17:32:41 [launcher.py:46] Route: /v1/responses/{response_id}/cancel, Methods: POST
(APIServer pid=2653906) INFO 04-24 17:32:41 [launcher.py:46] Route: /v1/completions, Methods: POST
(APIServer pid=2653906) INFO 04-24 17:32:41 [launcher.py:46] Route: /v1/messages, Methods: POST
(APIServer pid=2653906) INFO 04-24 17:32:41 [launcher.py:46] Route: /v1/messages/count_tokens, Methods: POST
(APIServer pid=2653906) INFO 04-24 17:32:41 [launcher.py:46] Route: /inference/v1/generate, Methods: POST
(APIServer pid=2653906) INFO 04-24 17:32:41 [launcher.py:46] Route: /scale_elastic_ep, Methods: POST
(APIServer pid=2653906) INFO 04-24 17:32:41 [launcher.py:46] Route: /is_scaling_elastic_ep, Methods: POST
(APIServer pid=2653906) INFO 04-24 17:32:41 [launcher.py:46] Route: /v1/chat/completions/render, Methods: POST
(APIServer pid=2653906) INFO 04-24 17:32:41 [launcher.py:46] Route: /v1/completions/render, Methods: POST
(APIServer pid=3407409) INFO:     Started server process [3407409]
(APIServer pid=3407409) INFO:     Waiting for application startup.
(APIServer pid=3407409) INFO:     Application startup complete.
(APIServer pid=2653906) INFO:     Started server process [2653906]
(APIServer pid=2653906) INFO:     Waiting for application startup.
(APIServer pid=2653906) INFO:     Application startup complete.
(APIServer pid=3407409) INFO:     192.168.148.72:34710 - "GET /health HTTP/1.1" 200 OK
(APIServer pid=2653906) INFO:     127.0.0.1:48840 - "GET /health HTTP/1.1" 200 OK
[Rank 1] host=bb7u21g1.nots.rice.edu  prefill_host=bb6u21g1  model=Qwen/Qwen3-4B
[Decode] port=8221  model=Qwen/Qwen3-4B
[Decode] host=bb7u21g1.nots.rice.edu
[Decode] Prefill node: bb6u21g1:8121
[Decode] NIXL side-channel bind: bb7u21g1.nots.rice.edu:5580
[Decode] KV config: {"kv_connector": "NixlConnector", "kv_role": "kv_consumer", "kv_buffer_device": "cuda"}
[Decode] Pruning config: method=none, keep_ratio=1.00, min_tokens=0, seed=42
[Decode] Dataset: lveval  subset=hotpotwikiqa_mixup_16k
[Prefill] Waiting for http://bb6u21g1:8121/health ...
[Prefill] Ready.
[Decode] Waiting for http://localhost:8221/health ...
[Decode] Ready.
[Flow] Using built-in two-phase prefill→decode flow.
[Warmup] Sending warmup request ...
[chat] loading tokenizer for Qwen/Qwen3-4B ...
(APIServer pid=3407409) INFO:     192.168.148.72:55788 - "POST /v1/completions HTTP/1.1" 200 OK
(APIServer pid=2653906) INFO:     127.0.0.1:36826 - "POST /v1/completions HTTP/1.1" 200 OK
(EngineCore pid=2655114) INFO 04-24 17:33:30 [nixl_connector.py:1287] NIXL compatibility check passed (hash: 2663f4b745d372c0b6d9888277666f9c7c7018b90f00e9a9ed88277b6a1a390e)
(APIServer pid=3407409) INFO 04-24 17:33:31 [loggers.py:259] Engine 000: Avg prompt throughput: 1.0 tokens/s, Avg generation throughput: 0.1 tokens/s, Running: 0 reqs, Waiting: 0 reqs, GPU KV cache usage: 0.0%, Prefix cache hit rate: 0.0%, External prefix cache hit rate: 0.0%
(APIServer pid=2653906) INFO 04-24 17:33:31 [loggers.py:259] Engine 000: Avg prompt throughput: 0.1 tokens/s, Avg generation throughput: 0.4 tokens/s, Running: 0 reqs, Waiting: 0 reqs, GPU KV cache usage: 0.0%, Prefix cache hit rate: 0.0%, External prefix cache hit rate: 100.0%
(APIServer pid=2653906) INFO 04-24 17:33:31 [metrics.py:103] KV Transfer metrics: Num successful transfers=1, Avg xfer time (ms)=2.01, P90 xfer time (ms)=2.01, Avg post time (ms)=0.418, P90 post time (ms)=0.418, Avg MB per transfer=9.0, Throughput (MB/s)=4477.612, Avg number of descriptors=144.0
(APIServer pid=3407409) INFO:     192.168.148.72:55800 - "POST /v1/completions HTTP/1.1" 400 Bad Request
(APIServer pid=3407409) ERROR:    Exception in ASGI application
(APIServer pid=3407409) Traceback (most recent call last):
(APIServer pid=3407409)   File "/scratch/zf28/comp529/miniconda3/envs/nlp/lib/python3.12/site-packages/uvicorn/protocols/http/httptools_impl.py", line 416, in run_asgi
(APIServer pid=3407409)     result = await app(  # type: ignore[func-returns-value]
(APIServer pid=3407409)              ^^^^^^^^^^^^^^^^^^^^^^^^^^^^^^^^^^^^^^^^^^^^^^
(APIServer pid=3407409)   File "/scratch/zf28/comp529/miniconda3/envs/nlp/lib/python3.12/site-packages/uvicorn/middleware/proxy_headers.py", line 60, in __call__
(APIServer pid=3407409)     return await self.app(scope, receive, send)
(APIServer pid=3407409)            ^^^^^^^^^^^^^^^^^^^^^^^^^^^^^^^^^^^^
(APIServer pid=3407409)   File "/scratch/zf28/comp529/miniconda3/envs/nlp/lib/python3.12/site-packages/fastapi/applications.py", line 1159, in __call__
(APIServer pid=3407409)     await super().__call__(scope, receive, send)
(APIServer pid=3407409)   File "/scratch/zf28/comp529/miniconda3/envs/nlp/lib/python3.12/site-packages/starlette/applications.py", line 107, in __call__
(APIServer pid=3407409)     await self.middleware_stack(scope, receive, send)
(APIServer pid=3407409)   File "/scratch/zf28/comp529/miniconda3/envs/nlp/lib/python3.12/site-packages/starlette/middleware/errors.py", line 186, in __call__
(APIServer pid=3407409)     raise exc
(APIServer pid=3407409)   File "/scratch/zf28/comp529/miniconda3/envs/nlp/lib/python3.12/site-packages/starlette/middleware/errors.py", line 164, in __call__
(APIServer pid=3407409)     await self.app(scope, receive, _send)
(APIServer pid=3407409)   File "/scratch/zf28/comp529/miniconda3/envs/nlp/lib/python3.12/site-packages/starlette/middleware/cors.py", line 87, in __call__
(APIServer pid=3407409)     await self.app(scope, receive, send)
(APIServer pid=3407409)   File "/scratch/zf28/comp529/miniconda3/envs/nlp/lib/python3.12/site-packages/prometheus_fastapi_instrumentator/middleware.py", line 177, in __call__
(APIServer pid=3407409)     raise exc
(APIServer pid=3407409)   File "/scratch/zf28/comp529/miniconda3/envs/nlp/lib/python3.12/site-packages/prometheus_fastapi_instrumentator/middleware.py", line 175, in __call__
(APIServer pid=3407409)     await self.app(scope, receive, send_wrapper)
(APIServer pid=3407409)   File "/scratch/zf28/comp529/miniconda3/envs/nlp/lib/python3.12/site-packages/starlette/middleware/exceptions.py", line 63, in __call__
(APIServer pid=3407409)     await wrap_app_handling_exceptions(self.app, conn)(scope, receive, send)
(APIServer pid=3407409)   File "/scratch/zf28/comp529/miniconda3/envs/nlp/lib/python3.12/site-packages/starlette/_exception_handler.py", line 53, in wrapped_app
(APIServer pid=3407409)     raise exc
(APIServer pid=3407409)   File "/scratch/zf28/comp529/miniconda3/envs/nlp/lib/python3.12/site-packages/starlette/_exception_handler.py", line 42, in wrapped_app
(APIServer pid=3407409)     await app(scope, receive, sender)
(APIServer pid=3407409)   File "/scratch/zf28/comp529/miniconda3/envs/nlp/lib/python3.12/site-packages/fastapi/middleware/asyncexitstack.py", line 18, in __call__
(APIServer pid=3407409)     await self.app(scope, receive, send)
(APIServer pid=3407409)   File "/scratch/zf28/comp529/miniconda3/envs/nlp/lib/python3.12/site-packages/starlette/routing.py", line 716, in __call__
(APIServer pid=3407409)     await self.middleware_stack(scope, receive, send)
(APIServer pid=3407409)   File "/scratch/zf28/comp529/miniconda3/envs/nlp/lib/python3.12/site-packages/starlette/routing.py", line 736, in app
(APIServer pid=3407409)     await route.handle(scope, receive, send)
(APIServer pid=3407409)   File "/scratch/zf28/comp529/miniconda3/envs/nlp/lib/python3.12/site-packages/starlette/routing.py", line 290, in handle
(APIServer pid=3407409)     await self.app(scope, receive, send)
(APIServer pid=3407409)   File "/scratch/zf28/comp529/miniconda3/envs/nlp/lib/python3.12/site-packages/fastapi/routing.py", line 134, in app
(APIServer pid=3407409)     await wrap_app_handling_exceptions(app, request)(scope, receive, send)
(APIServer pid=3407409)   File "/scratch/zf28/comp529/miniconda3/envs/nlp/lib/python3.12/site-packages/starlette/_exception_handler.py", line 53, in wrapped_app
(APIServer pid=3407409)     raise exc
(APIServer pid=3407409)   File "/scratch/zf28/comp529/miniconda3/envs/nlp/lib/python3.12/site-packages/starlette/_exception_handler.py", line 42, in wrapped_app
(APIServer pid=3407409)     await app(scope, receive, sender)
(APIServer pid=3407409)   File "/scratch/zf28/comp529/miniconda3/envs/nlp/lib/python3.12/site-packages/fastapi/routing.py", line 120, in app
(APIServer pid=3407409)     response = await f(request)
(APIServer pid=3407409)                ^^^^^^^^^^^^^^^^
(APIServer pid=3407409)   File "/scratch/zf28/comp529/miniconda3/envs/nlp/lib/python3.12/site-packages/fastapi/routing.py", line 674, in app
(APIServer pid=3407409)     raw_response = await run_endpoint_function(
(APIServer pid=3407409)                    ^^^^^^^^^^^^^^^^^^^^^^^^^^^^
(APIServer pid=3407409)   File "/scratch/zf28/comp529/miniconda3/envs/nlp/lib/python3.12/site-packages/fastapi/routing.py", line 328, in run_endpoint_function
(APIServer pid=3407409)     return await dependant.call(**values)
(APIServer pid=3407409)            ^^^^^^^^^^^^^^^^^^^^^^^^^^^^^^
(APIServer pid=3407409)   File "/scratch/zf28/comp529/miniconda3/envs/nlp/lib/python3.12/site-packages/vllm/entrypoints/utils.py", line 95, in wrapper
(APIServer pid=3407409)     return handler_task.result()
(APIServer pid=3407409)            ^^^^^^^^^^^^^^^^^^^^^
(APIServer pid=3407409)   File "/scratch/zf28/comp529/miniconda3/envs/nlp/lib/python3.12/site-packages/vllm/entrypoints/utils.py", line 116, in wrapper
(APIServer pid=3407409)     return await func(*args, **kwargs)
(APIServer pid=3407409)            ^^^^^^^^^^^^^^^^^^^^^^^^^^^
(APIServer pid=3407409)   File "/scratch/zf28/comp529/miniconda3/envs/nlp/lib/python3.12/site-packages/vllm/entrypoints/openai/completion/api_router.py", line 54, in create_completion
(APIServer pid=3407409)     generator = await handler.create_completion(request, raw_request)
(APIServer pid=3407409)                 ^^^^^^^^^^^^^^^^^^^^^^^^^^^^^^^^^^^^^^^^^^^^^^^^^^^^^
(APIServer pid=3407409)   File "/scratch/zf28/comp529/miniconda3/envs/nlp/lib/python3.12/site-packages/vllm/entrypoints/openai/completion/serving.py", line 127, in create_completion
(APIServer pid=3407409)     result = await self.render_completion_request(request)
(APIServer pid=3407409)              ^^^^^^^^^^^^^^^^^^^^^^^^^^^^^^^^^^^^^^^^^^^^^
(APIServer pid=3407409)   File "/scratch/zf28/comp529/miniconda3/envs/nlp/lib/python3.12/site-packages/vllm/entrypoints/openai/completion/serving.py", line 106, in render_completion_request
(APIServer pid=3407409)     return await self.openai_serving_render.render_completion(request)
(APIServer pid=3407409)            ^^^^^^^^^^^^^^^^^^^^^^^^^^^^^^^^^^^^^^^^^^^^^^^^^^^^^^^^^^^
(APIServer pid=3407409)   File "/scratch/zf28/comp529/miniconda3/envs/nlp/lib/python3.12/site-packages/vllm/entrypoints/serve/render/serving.py", line 331, in render_completion
(APIServer pid=3407409)     engine_prompts = await self._preprocess_completion(
(APIServer pid=3407409)                      ^^^^^^^^^^^^^^^^^^^^^^^^^^^^^^^^^^
(APIServer pid=3407409)   File "/scratch/zf28/comp529/miniconda3/envs/nlp/lib/python3.12/site-packages/vllm/entrypoints/serve/render/serving.py", line 462, in _preprocess_completion
(APIServer pid=3407409)     return await self._preprocess_cmpl(request, prompts)
(APIServer pid=3407409)            ^^^^^^^^^^^^^^^^^^^^^^^^^^^^^^^^^^^^^^^^^^^^^
(APIServer pid=3407409)   File "/scratch/zf28/comp529/miniconda3/envs/nlp/lib/python3.12/site-packages/vllm/entrypoints/serve/render/serving.py", line 483, in _preprocess_cmpl
(APIServer pid=3407409)     return await renderer.render_cmpl_async(
(APIServer pid=3407409)            ^^^^^^^^^^^^^^^^^^^^^^^^^^^^^^^^^
(APIServer pid=3407409)   File "/scratch/zf28/comp529/miniconda3/envs/nlp/lib/python3.12/site-packages/vllm/renderers/base.py", line 757, in render_cmpl_async
(APIServer pid=3407409)     tok_prompts = await self.tokenize_prompts_async(dict_prompts, tok_params)
(APIServer pid=3407409)                   ^^^^^^^^^^^^^^^^^^^^^^^^^^^^^^^^^^^^^^^^^^^^^^^^^^^^^^^^^^^
(APIServer pid=3407409)   File "/scratch/zf28/comp529/miniconda3/envs/nlp/lib/python3.12/site-packages/vllm/renderers/base.py", line 510, in tokenize_prompts_async
(APIServer pid=3407409)     return await asyncio.gather(
(APIServer pid=3407409)            ^^^^^^^^^^^^^^^^^^^^^
(APIServer pid=3407409)   File "/scratch/zf28/comp529/miniconda3/envs/nlp/lib/python3.12/site-packages/vllm/renderers/base.py", line 503, in tokenize_prompt_async
(APIServer pid=3407409)     return await self._tokenize_singleton_prompt_async(prompt, params)
(APIServer pid=3407409)            ^^^^^^^^^^^^^^^^^^^^^^^^^^^^^^^^^^^^^^^^^^^^^^^^^^^^^^^^^^^
(APIServer pid=3407409)   File "/scratch/zf28/comp529/miniconda3/envs/nlp/lib/python3.12/site-packages/vllm/renderers/base.py", line 436, in _tokenize_singleton_prompt_async
(APIServer pid=3407409)     return params.apply_post_tokenization(self.tokenizer, prompt)  # type: ignore[arg-type]
(APIServer pid=3407409)            ^^^^^^^^^^^^^^^^^^^^^^^^^^^^^^^^^^^^^^^^^^^^^^^^^^^^^^
(APIServer pid=3407409)   File "/scratch/zf28/comp529/miniconda3/envs/nlp/lib/python3.12/site-packages/vllm/renderers/params.py", line 455, in apply_post_tokenization
(APIServer pid=3407409)     prompt["prompt_token_ids"] = self._validate_tokens(  # type: ignore[typeddict-unknown-key]
(APIServer pid=3407409)                                  ^^^^^^^^^^^^^^^^^^^^^^^^^^^^^^^^^^^^^^^^^^^^^^^^^^^^^^^^^^^^^
(APIServer pid=3407409)   File "/scratch/zf28/comp529/miniconda3/envs/nlp/lib/python3.12/site-packages/vllm/renderers/params.py", line 439, in _validate_tokens
(APIServer pid=3407409)     tokens = validator(tokenizer, tokens)
(APIServer pid=3407409)              ^^^^^^^^^^^^^^^^^^^^^^^^^^^^
(APIServer pid=3407409)   File "/scratch/zf28/comp529/miniconda3/envs/nlp/lib/python3.12/site-packages/vllm/renderers/params.py", line 418, in _token_len_check
(APIServer pid=3407409)     raise VLLMValidationError(
(APIServer pid=3407409) vllm.exceptions.VLLMValidationError: This model's maximum context length is 32768 tokens. However, you requested 1 output tokens and your prompt contains at least 32768 input tokens, for a total of at least 32769 tokens. Please reduce the length of the input prompt or the number of requested output tokens. (parameter=input_tokens, value=32768)
[Decode] ERROR on item 1: HTTP Error 400: Bad Request
Traceback (most recent call last):
  File "/home/yx106/code/pd_dis/pd_dis.py", line 690, in run_decode
    response = two_phase_disagg_completion(
               ^^^^^^^^^^^^^^^^^^^^^^^^^^^^
  File "/home/yx106/code/pd_dis/pd_dis_chat.py", line 104, in wrapped
    return original_fn(
           ^^^^^^^^^^^^
  File "/home/yx106/code/pd_dis/pd_dis.py", line 454, in two_phase_disagg_completion
    prefill_resp = http_post(
                   ^^^^^^^^^^
  File "/home/yx106/code/pd_dis/pd_dis.py", line 352, in http_post
    with urllib.request.urlopen(req, timeout=timeout) as resp:
         ^^^^^^^^^^^^^^^^^^^^^^^^^^^^^^^^^^^^^^^^^^^^
  File "/scratch/zf28/comp529/miniconda3/envs/nlp/lib/python3.12/urllib/request.py", line 215, in urlopen
    return opener.open(url, data, timeout)
           ^^^^^^^^^^^^^^^^^^^^^^^^^^^^^^^
  File "/scratch/zf28/comp529/miniconda3/envs/nlp/lib/python3.12/urllib/request.py", line 521, in open
    response = meth(req, response)
               ^^^^^^^^^^^^^^^^^^^
  File "/scratch/zf28/comp529/miniconda3/envs/nlp/lib/python3.12/urllib/request.py", line 630, in http_response
    response = self.parent.error(
               ^^^^^^^^^^^^^^^^^^
  File "/scratch/zf28/comp529/miniconda3/envs/nlp/lib/python3.12/urllib/request.py", line 559, in error
    return self._call_chain(*args)
           ^^^^^^^^^^^^^^^^^^^^^^^
  File "/scratch/zf28/comp529/miniconda3/envs/nlp/lib/python3.12/urllib/request.py", line 492, in _call_chain
    result = func(*args)
             ^^^^^^^^^^^
  File "/scratch/zf28/comp529/miniconda3/envs/nlp/lib/python3.12/urllib/request.py", line 639, in http_error_default
    raise HTTPError(req.full_url, code, msg, hdrs, fp)
urllib.error.HTTPError: HTTP Error 400: Bad Request
(APIServer pid=3407409) INFO:     192.168.148.72:55816 - "POST /v1/completions HTTP/1.1" 200 OK
(APIServer pid=2653906) INFO:     127.0.0.1:36842 - "POST /v1/completions HTTP/1.1" 200 OK
(APIServer pid=3407409) INFO 04-24 17:33:41 [loggers.py:259] Engine 000: Avg prompt throughput: 2843.3 tokens/s, Avg generation throughput: 0.1 tokens/s, Running: 0 reqs, Waiting: 0 reqs, GPU KV cache usage: 6.7%, Prefix cache hit rate: 0.0%, External prefix cache hit rate: 0.0%
(APIServer pid=2653906) INFO 04-24 17:33:41 [loggers.py:259] Engine 000: Avg prompt throughput: 0.1 tokens/s, Avg generation throughput: 23.3 tokens/s, Running: 1 reqs, Waiting: 0 reqs, GPU KV cache usage: 6.7%, Prefix cache hit rate: 0.0%, External prefix cache hit rate: 100.0%
(APIServer pid=2653906) INFO 04-24 17:33:41 [metrics.py:103] KV Transfer metrics: Num successful transfers=1, Avg xfer time (ms)=183.02, P90 xfer time (ms)=183.02, Avg post time (ms)=25.549, P90 post time (ms)=25.549, Avg MB per transfer=2007.0, Throughput (MB/s)=10966.015, Avg number of descriptors=32112.0
(APIServer pid=3407409) INFO:     192.168.148.72:36850 - "POST /v1/completions HTTP/1.1" 200 OK
(APIServer pid=2653906) INFO:     127.0.0.1:56400 - "POST /v1/completions HTTP/1.1" 200 OK
(APIServer pid=3407409) INFO 04-24 17:33:51 [loggers.py:259] Engine 000: Avg prompt throughput: 2370.0 tokens/s, Avg generation throughput: 0.1 tokens/s, Running: 1 reqs, Waiting: 0 reqs, GPU KV cache usage: 3.8%, Prefix cache hit rate: 0.0%, External prefix cache hit rate: 0.0%
(APIServer pid=2653906) INFO 04-24 17:33:51 [loggers.py:259] Engine 000: Avg prompt throughput: 0.1 tokens/s, Avg generation throughput: 41.7 tokens/s, Running: 0 reqs, Waiting: 0 reqs, GPU KV cache usage: 0.0%, Prefix cache hit rate: 0.0%, External prefix cache hit rate: 100.0%
(APIServer pid=2653906) INFO 04-24 17:33:51 [metrics.py:103] KV Transfer metrics: Num successful transfers=1, Avg xfer time (ms)=142.712, P90 xfer time (ms)=142.712, Avg post time (ms)=2.478, P90 post time (ms)=2.478, Avg MB per transfer=1674.0, Throughput (MB/s)=11729.918, Avg number of descriptors=26784.0
(APIServer pid=3407409) INFO:     192.168.148.72:52018 - "POST /v1/completions HTTP/1.1" 200 OK
(APIServer pid=2653906) INFO:     127.0.0.1:52058 - "POST /v1/completions HTTP/1.1" 200 OK
